// Jest Snapshot v1, https://goo.gl/fbAQLP

exports[`<Headline/> renders from snapshot 1`] = `
<span
  className="headline"
>
  React-Typescript-Gen
</span>
`;
