// Jest Snapshot v1, https://goo.gl/fbAQLP

exports[`<Icon/> renders from snapshot 1`] = `
<img
  className="icon-container"
  height={40}
  src="static/images/erlich.svg"
  width={40}
/>
`;
