// Jest Snapshot v1, https://goo.gl/fbAQLP

exports[`Snapshot of Home Page 1`] = `
<h1>
   Home Page 
</h1>
`;
